// Jest Snapshot v1, https://goo.gl/fbAQLP

exports[`AppsIcon renders correctly 1`] = `
<Text
  accessible={true}
  allowFontScaling={false}
  ellipsizeMode="tail"
  style={
    Array [
      Object {
        "color": "blue",
        "fontSize": 32,
      },
      undefined,
      Object {
        "fontFamily": "Ionicons",
        "fontStyle": "normal",
        "fontWeight": "normal",
      },
    ]
  }
>
  ï„Š
</Text>
`;
